Y|Y|${HOME}|.zshrc|zsh oh-my-zsh-git
Y|N|${HOME}/.config/Code/User|settings.json|visual-studio-code-bin
Y|N|${HOME}/.config/Code - OSS/User|settings.json|code
Y|N|${HOME}/.config|code-flags.conf|visual-studio-code-bin
Y|N|${HOME}/.config|code-flags.conf|code
Y|N|${HOME}/.config|spotify-flags.conf|spotify
Y|N|${HOME}/.config|dunst|dunst
Y|N|${HOME}/.config|fish|fish
Y|N|${HOME}/.config/hyde|wallbash|hyprland
Y|N|${HOME}/.config/hypr|animations.conf hyprland.conf windowrules.conf themes|hyprland
Y|N|${HOME}/.config/hypr|keybindings.conf monitors.conf userprefs.conf|hyprland
Y|N|${HOME}/.config/hypr|nvidia.conf|hyprland nvidia-utils
Y|N|${HOME}/.local/share|bin|hyprland
Y|N|${HOME}/.config|kitty|kitty
Y|N|${HOME}/.config|Kvantum|kvantum
Y|N|${HOME}/.config|lsd|lsd
Y|N|${HOME}/.config|MangoHud|mangohud
Y|N|${HOME}/.config|fastfetch|fastfetch
Y|N|${HOME}/.config|qt5ct|qt5ct
Y|N|${HOME}/.config|qt6ct|qt6ct
Y|N|${HOME}/.config|rofi|rofi
Y|N|${HOME}/.config|swaylock|swaylock-effects
Y|N|${HOME}/.config/waybar|modules config.jsonc style.css theme.css|waybar
Y|N|${HOME}/.config/waybar|config.ctl|waybar
Y|N|${HOME}/.config|wlogout|wlogout
Y|N|${HOME}/.config|xsettingsd nwg-look gtk-3.0|nwg-look
Y|N|${HOME}/.icons|default|nwg-look
Y|N|${HOME}|.gtkrc-2.0|nwg-look
Y|N|${HOME}/.config|dolphinrc kdeglobals|dolphin
Y|N|${HOME}/.config/menus|applications.menu|dolphin
Y|N|${HOME}/.local/share|dolphin|dolphin
Y|N|${HOME}/.local/share/kxmlgui5|dolphin|dolphin
Y|N|${HOME}/.local/share/kio/servicemenus|hydewallpaper.desktop|dolphin
Y|N|${HOME}/.config|libinput-gestures.conf|libinput-gestures
Y|N|${HOME}|.zshrc|nvm
Y|N|${HOME}/.config|tmux|tmux
